ERROR: input must be a 24 character hex string, 12 byte Uint8Array, or an integer
STACK: BSONError: input must be a 24 character hex string, 12 byte Uint8Array, or an integer
    at new ObjectId (C:\Users\tech solutionor\Desktop\crown-excel\crown-excel\node_modules\bson\lib\bson.cjs:2538:23)
    at GET (C:\Users\tech solutionor\Desktop\crown-excel\crown-excel\.next\dev\server\chunks\[root-of-the-server]__fc2c458a._.js:642:22)
    at process.processTicksAndRejections (node:internal/process/task_queues:105:5)
    at async AppRouteRouteModule.do (C:\Users\tech solutionor\Desktop\crown-excel\crown-excel\node_modules\next\dist\compiled\next-server\app-route-turbo.runtime.dev.js:5:37866)
    at async AppRouteRouteModule.handle (C:\Users\tech solutionor\Desktop\crown-excel\crown-excel\node_modules\next\dist\compiled\next-server\app-route-turbo.runtime.dev.js:5:45156)
    at async responseGenerator (C:\Users\tech solutionor\Desktop\crown-excel\crown-excel\.next\dev\server\chunks\[root-of-the-server]__a2427630._.js:14849:38)
    at async AppRouteRouteModule.handleResponse (C:\Users\tech solutionor\Desktop\crown-excel\crown-excel\node_modules\next\dist\compiled\next-server\app-route-turbo.runtime.dev.js:1:187713)
    at async handleResponse (C:\Users\tech solutionor\Desktop\crown-excel\crown-excel\.next\dev\server\chunks\[root-of-the-server]__a2427630._.js:14912:32)
    at async Module.handler (C:\Users\tech solutionor\Desktop\crown-excel\crown-excel\.next\dev\server\chunks\[root-of-the-server]__a2427630._.js:14965:13)
    at async DevServer.renderToResponseWithComponentsImpl (C:\Users\tech solutionor\Desktop\crown-excel\crown-excel\node_modules\next\dist\server\base-server.js:1422:9)
    at async DevServer.renderPageComponent (C:\Users\tech solutionor\Desktop\crown-excel\crown-excel\node_modules\next\dist\server\base-server.js:1474:24)
    at async DevServer.renderToResponseImpl (C:\Users\tech solutionor\Desktop\crown-excel\crown-excel\node_modules\next\dist\server\base-server.js:1524:32)
    at async DevServer.pipeImpl (C:\Users\tech solutionor\Desktop\crown-excel\crown-excel\node_modules\next\dist\server\base-server.js:1018:25)
    at async NextNodeServer.handleCatchallRenderRequest (C:\Users\tech solutionor\Desktop\crown-excel\crown-excel\node_modules\next\dist\server\next-server.js:395:17)
    at async DevServer.handleRequestImpl (C:\Users\tech solutionor\Desktop\crown-excel\crown-excel\node_modules\next\dist\server\base-server.js:909:17)
    at async C:\Users\tech solutionor\Desktop\crown-excel\crown-excel\node_modules\next\dist\server\dev\next-dev-server.js:387:20
    at async Span.traceAsyncFn (C:\Users\tech solutionor\Desktop\crown-excel\crown-excel\node_modules\next\dist\trace\trace.js:157:20)
    at async DevServer.handleRequest (C:\Users\tech solutionor\Desktop\crown-excel\crown-excel\node_modules\next\dist\server\dev\next-dev-server.js:383:24)
    at async invokeRender (C:\Users\tech solutionor\Desktop\crown-excel\crown-excel\node_modules\next\dist\server\lib\router-server.js:248:21)
    at async handleRequest (C:\Users\tech solutionor\Desktop\crown-excel\crown-excel\node_modules\next\dist\server\lib\router-server.js:447:24)
    at async requestHandlerImpl (C:\Users\tech solutionor\Desktop\crown-excel\crown-excel\node_modules\next\dist\server\lib\router-server.js:496:13)
    at async Server.requestListener (C:\Users\tech solutionor\Desktop\crown-excel\crown-excel\node_modules\next\dist\server\lib\start-server.js:226:13)